{
    "Andale Mono WT": "Andale Mono WT, Andale Mono, Menlo, Lucida Console, DejaVu Sans Mono, Bitstream Vera Sans Mono, monospace",
    "Apple Color Emoji": "Apple Color Emoji, Segoe UI Emoji, Segoe UI Symbol",
    "Arial": "Arial, Helvetica Neue, Helvetica, Nimbus Sans L, Liberation Sans, Arimo, sans-serif",
    "Baskerville": "Baskerville, Baskerville Old Face, Utopia, Hoefler Text, Times New Roman, DejaVu Serif, Liberation Serif, Tinos, serif",
    "BiauKai": "BiauKai, DFKai-SB, AR PL KaitiM, AR PL KaitiM GB, AR PL UKai HK, AR PL UKai TW, TW-Kai, serif",
    "Big Caslon": "Big Caslon, Book Antiqua, Bookman, Palatino, Palatino Linotype, Palatino LT STD, URW Palladio L, DejaVu Serif, Georgia, serif",
    "Bodoni MT": "Bodoni MT, Didot, Didot LT STD, Times New Roman, DejaVu Serif, Liberation Serif, Tinos, serif",
    "Book Antiqua": "Book Antiqua, Palatino, Palatino Linotype, Palatino LT STD, URW Palladio L, DejaVu Serif, Georgia, serif",
    "Calibri": "Calibri, Candara, Gill Sans, Gill Sans MT, DejaVu Sans, Verdana, Geneva, sans-serif",
    "Calisto MT": "Calisto MT, Bookman Old Style, Bookman, Goudy Old Style, Hoefler Text, Bitstream Charter, Charter, DejaVu Serif, Georgia, serif",
    "Cambria": "Cambria, Hoefler Text, Utopia, DejaVu Serif, Liberation Serif, Georgia, serif",
    "Candara": "Candara, Calibri, Gill Sans, Gill Sans MT, DejaVu Sans, Verdana, Geneva, sans-serif",
    "Century Gothic": "Century Gothic, Apple Gothic, AppleGothic, URW Gothic L, Avantgarde, DejaVu Sans, Tahoma, sans-serif",
    "Comic Neue": "Comic Neue, Comic Sans MS, Comic Sans, Chalkboard, ChalkboardSE-Regular, Marker Felt, Purisa, URW Chancery L, cursive",
    "Consolas": "Consolas, Andale Mono WT, Andale Mono, Menlo, Lucida Console, DejaVu Sans Mono, Bitstream Vera Sans Mono, monospace",
    "Constantia": "Constantia, Lucida Bright, Lucida Serif, Lucida, DejaVu Serif, Liberation Serif, Georgia, serif",
    "Corbel": "Corbel, Lucida Grande, Lucida Sans Unicode, Lucida Sans, DejaVu Sans, Verdana, Geneva, sans-serif",
    "Courier New": "Courier New, Courier, Courier 10 Pitch, Liberation Mono, Nimbus Mono L, Cousine, monospace",
    "Didot": "Didot, Didot LT STD, Times New Roman, DejaVu Serif, Liberation Serif, Tinos, serif",
    "FangSong": "FangSong, Fang Song, \u4eff\u5b8b, STFangSong, \u534e\u6587\u4eff\u5b8b, serif",
    "Frutiger": "Frutiger, Frutiger Linotype, Calibri, Gill Sans, Gill Sans MT, DejaVu Sans, Verdana, Geneva, sans-serif",
    "Futura": "Futura, Futura-Medium, Futura Medium, Avantgarde, Century Gothic, Apple Gothic, AppleGothic, URW Gothic L, DejaVu Sans, Tahoma, sans-serif",
    "Garamond": "Garamond, Garamond-Normal, Baskerville, Baskerville Old Face, Utopia, Times New Roman, DejaVu Serif, Liberation Serif, serif",
    "Geneva": "Geneva, Verdana, DejaVu Sans, sans-serif",
    "Georgia": "Georgia, Palatino, Palatino Linotype, Palatino LT STD, URW Palladio L, Book Antiqua, DejaVu Serif, serif",
    "Gill Sans": "Gill Sans, Gill Sans MT, Calibri, DejaVu Sans, Verdana, Geneva, sans-serif",
    "Goudy Old Style": "Goudy Old Style, Hoefler Text, Times New Roman, DejaVu Serif, Liberation Serif, Tinos, serif",
    "Heiti SC": "Heiti SC, Microsoft YaHei New, Microsoft Yahei, \u5fae\u8f6f\u96c5\u9ed1, SimHei, \u9ed1\u4f53, STHeiti Light, STXihei, \u534e\u6587\u7ec6\u9ed1, STHeiti, \u534e\u6587\u9ed1\u4f53, WenQuanYi Zen Hei, sans-serif",
    "Heiti TC": "Heiti TC, Microsoft JhengHei, \u5fae\u8edf\u6b63\u9ed1\u9ad4, sans-serif",
    "Helvetica Neue": "Helvetica Neue, Helvetica, Arial, Nimbus Sans L, Liberation Sans, Arimo, sans-serif",
    "HelveticaNeue-Light": "HelveticaNeue-Light, Helvetica Neue Light, Helvetica Neue, Helvetica, Arial, Nimbus Sans L, Liberation Sans, Arimo, sans-serif",
    "Hoefler Text": "Hoefler Text, Baskerville, Baskerville Old Face, Times New Roman, DejaVu Serif, Liberation Serif, Tinos, serif",
    "Impact": "Impact, Haettenschweiler, Franklin Gothic Bold, Charcoal, Helvetica Inserat, Bitstream Vera Sans Bold, Arial Black, sans-serif",
    "Kaiti SC": "Kaiti SC, KaiTi, \u6977\u4f53, STKaiti, \u534e\u6587\u6977\u4f53, Kai, AR PL UKai CN, serif",
    "LiSong Pro": "LiSong Pro, Apple LiSung, \u65b0\u7d30\u660e\u9ad4, PMingLiU, MingLiU, AR PL Mingti2L, TW-Sung, serif",
    "Lucida Bright": "Lucida Bright, Lucidabright, Lucida Serif, Lucida, DejaVu Serif, Liberation Serif, Tinos, serif",
    "Lucida Grande": "Lucida Grande, Lucida Sans Unicode, Lucida Sans, DejaVu Sans, Verdana, Geneva, sans-serif",
    "Lucida Sans Typewriter": "Lucida Sans Typewriter, Lucida Typewriter, Courier New, Courier, Courier 10 Pitch, Liberation Mono, Nimbus Mono L, Cousine, monospace",
    "Menlo": "Menlo, Consolas, Andale Mono WT, Andale Mono, Lucida Console, DejaVu Sans Mono, Bitstream Vera Sans Mono, monospace",
    "Myriad Web": "Myriad Web, Myriad Pro, Myriad, Gill Sans, Gill Sans MT, DejaVu Sans, Verdana, Geneva, sans-serif",
    "Optima": "Optima, Segoe, Segoe UI, Lucida Grande, Lucida Sans Unicode, Lucida Sans, DejaVu Sans, Verdana, Geneva, sans-serif",
    "Palatino": "Palatino, Palatino Linotype, Palatino LT STD, URW Palladio L, Book Antiqua, DejaVu Serif, Georgia, serif",
    "Papyrus": "Papyrus, ITC Papyrus, fantasy",
    "Segoe": "Segoe, Segoe UI, Lucida Grande, Lucida Sans Unicode, Lucida Sans, DejaVu Sans, Verdana, Geneva, sans-serif",
    "SFMono-Regular": "SFMono-Regular, Consolas, Liberation Mono, Menlo, Courier, monospace",
    "Songti SC": "Songti SC, STSong, \u534e\u6587\u5b8b\u4f53, \u5b8b\u4f53, SimSun, \u65b0\u5b8b\u4f53, NSimSun, AR PL New Sung, AR PL SungtiL GB, serif",
    "systemGithub": "-apple-system, BlinkMacSystemFont, Segoe UI, Helvetica, Arial, sans-serif",
    "systemSans": "-apple-system, BlinkMacSystemFont, Segoe UI, Roboto, Oxygen-Sans, Ubuntu, Cantarell, Helvetica Neue, sans-serif",
    "Tahoma": "Tahoma, Lucida Grande, Lucida Sans Unicode, Lucida Sans, DejaVu Sans, Verdana, Geneva, sans-serif",
    "Times New Roman": "Times New Roman, TimesNewRoman, DejaVu Serif, Liberation Serif, Tinos, Times, serif",
    "Trebuchet MS": "Trebuchet MS, Futura, Lucida Grande, Lucida Sans Unicode, Lucida Sans, DejaVu Sans, Tahoma, sans-serif",
    "Ubuntu": "Ubuntu, Myriad Web, Myriad Pro, Myriad, Gill Sans, Gill Sans MT, DejaVu Sans, Verdana, Geneva, sans-serif",
    "Ubuntu Mono": "Ubuntu Mono, Monaco, Consolas, Lucida Console, DejaVu Sans Mono, Bitstream Vera Sans Mono, monospace",
    "Verdana": "Verdana, Geneva, DejaVu Sans, sans-serif"
}
