data:application/inf;base64,SGFsbG8gPHN0cm9uZz5XZWx0PC9zdHJvbmc+