data:image/png;base64,iVBORw0KGgoAAAANSUhEUgAAATsAAABBCAMAAACZzPPmAAAAolBMVEUAAAIcJV4AAAEBAQQoN5IAAQFYpCw1R61RZNiXpeedq6HU36KR0TjR6GXK1NOp00tZnVhTX6V0hvA6jyk9Uca6x/BSYK4WHkV8hKMeJ1aGrD1/wjQfKFGTp2NXZcC3xZdBfyd1ioZLWJp3hb8/ULNVZ9aBjqqQnNgAAAAAAAAAAAAAAAAAAAAAAAAAAAAAAAAAAAAAAAAAAAAAAAAAAAAAAACvKV8LAAAANnRSTlP6/Z5e/zD//f79/v///////vv/////Uyj+nP//af4X/7exL3OJpruvAf/////////////////dlMZkAAAItklEQVR42u2cCXPiOgyAEzsmB5AQzkJLed3ttvn/v/D5TGJbPkIXtp1BO7OdEojtr7IkSwpJ95BrJXkgsOTX/u3j4+PtPy5vb/tfD3Zxsv/9tlrNTqfVhsnsXD21rQPfg91YXn9/VufZbDNTcqrKoijap/b48u/ZEYwRSqgghDC5y0h8KBxFrizreSOoNU1zYj8qii5v2za16Ql2Ygwm0Bi4v4qgFwcCCHhNX87wDnlD4h3PHNQeyPEOe6QEhfDtP8u6ni8XHN1iOadyqS5luS5yKlmWHg8Qu8TLDkGTRJPZEWs5Dnrm+6w5kcTPjuAEFBxUunkj0VF2u1IKVTzGLjNV737sHOsBtCbIDvvv4BwJVnOB7rPclUzrFs8LLsuaYVsX67XQuzxv8zR9+RfsYKWDV4SmwkWR6Nyqt/+s6x21dRxb03B2TO8oOCqcHJNU27d3Yuddjzmqhdm8m1dzJw2l0JXzeV0vBTqpd3OueCWHV7Tc2TJ46eHO7ALrMd6PAuslPnbThlLoaoqOsmuWAzu+addsy9J9W5QVlScd3l3YBdejfwAlE+0Z8n04aF671z/lTmxZwe6ZmrxmyZ0FAyccBkV3PnN4x3uyI2F0/uUjv7mDQ6foXfv6pyjKcrerl72xW/TwJLfL5ULV7kko3sst2NFgVIo3GsOEsMDVuSIU2Gc+8MZI0FCm4v1hBo3C4+woMrp1G/aDWrzdjmsji5ObqiqEu0jVXP8qO1iwI0LVXS/yscN+C4DAa+NjC3Yr3p47A7o1ub2jAfFyvhTC2NGwpZGnM8ouz2ic0pu827Mj7mk7VoSSiY4UZOceCpk7VrJjzBg7SY65D3bQEIez2Zmzyzi7453YIY+pIeCKAHPvNXfgR7Fb+zV27wJdwU8VfMMKLyvRUXhUOL1z1baZgCfufnN2xBtbYciojcYDxiBJFDtrVrD5/JUrtdsN8R11tGL7KnxLoXo0SMmF4qG7sMPeQ/1YibCHHQZuCE3LE8Yh8Nq70jpm2RbPs0Geuaudc81bSnirthUGj0/oRn6WBP7ckBYB7LBvYDxpz8Km8DXvN+ySpwFWQjR8dM8KdNRhSHh8yFvHd8SvdvIzLMEG3gYweMi+iPxTVdcQT+ThcS5vv1V+QpJjxwcObzPAqyuZ1DvxLHLL4R1uzw6HjuEYWynQ0W3sTUuGDILfzaCYzOp7b+sWipyEt5Lo6KYty4vNDt+eHYJ9ZaRnHhJx2Ppj4C4Q3yXhvDTfstzWNSN0A7ulzAhUl+Z0mp0Eu1Rt2luzC23ZADtifRp52RHrCONPFVN2LDbhO3Zgx+FtGDuZTGH4zs256tUuTeimvTE78kV2nXVH6Jr3TOLjR83dul72XmKETiXeRR5qvRZ5lB5dyse/Gzt8FTvT4I0VEZoWnHdw8Wu3RUkDkAFdXQt2wlM0Qu1YIorB4+hyxe54a3b4q+xMgzf+fVL+DsSXb4udOLCuVtqW3XB0Mndc9ELZZYod+vbsTIOHQuw8CTyrUkYPFetSVHdWPbyVNHZsx9YihVds27xlafdcnskYu/SO7MhV7EyDB15CXRw8K4WS0y3Lw4/NEBYzW7dhv6sdW6iSRZb16Ci75PDt2ekGT1PD6Nyoq67E2TFSG8WP/reRXQFDxYKl3RW6H8VOP5Zp5s/pwmMrZXsa280Xs81ms5lZ0vCoWNV7DLX7Gez0YxmKYsdO1jHwOLtmpGu9LJpmCO2G6vYY3T3ZXecrDIMH/wKFjh56RGPX79k+f8ITUPUYXW/ufhi7sarpGzgUdrvw9W/fVyU/5m+Gg7/Im9T1Tpo6Hd1PYzfmpUd7EUcWAvJTU9k/UXayHsGTnTzTudvJcHiI6yC1uzk78nV2Y4OHprJzdF8pdi3Vqvn8RMmJWK4cnAOXbZ7ziBhSu+Tfn2cJJn52HZAZMC6Ej8oGPjUkY1fWzTN1qrseWK9w223ei4YuFYPeL4+SOHPy5nHJuM2gbEYaeVKagUA1p4+qXDNXS09f46OXJGei09XuGNW7+Jfyd8SzQTV8xm0GYkZiwMWOENLFlUZ+PzF3cGlYvmTtJmegS1UeJ5iqvm3emACnTeM2xGXsrWnxNlnkGguwH/snnjauBnRbJRY5A12fv4tlh79Sr0hiy2jIdYZ1vY4iqhXg5ddWlnokOg2ZTm5Al/Y5MHdHMVDqms4OLCLCVVOX3jl7d6xJB04xANr3lsYfba9xY2QGOlPtsM0OGJR8iR32FhkDtW0CH09xmF2k3X7JnYrmIKfYEYCdt3ZPprMjvtY3HFXcJ7Hs/MVgMF5KM3iHcniZG91QnyXJ5IJ6dP8ddncWB3t5CNw01rnYIV84CSrIMctgcpqkFruhL6DzKAcONRgG2BFn8hEHe8gI3MDnZIfj1jGaxSHNBnrx6NKhH0WbHYoYckrfJwbrBuYzED5T6nirPWPibp/HjraqY2obtyC6cR9UZH8huYod4CcRiuuZJWDxy83O+XfCzsEOAp5bUgAdGvXfAX2tXDzNplN6tYP907qOIHdRVtOacG0b/jvps3tJ06noVHw5oZ8aX8uOBOER/63h7tore7XNUOLogZeC6LR+46hBUXctuyA8HLg17JCve0bA9sAUHkQvNcj16I6dwS44KOquZxeAh0O3JvHsumk6LnwtF5/GjdENeh87qPuhr7hn8SY8IOdPZSWdn11Ix6HHBBWeTP6DBJhUZGkuZoH+PlrXmnAgb+wOer9cn7XhOQVin8TVlqIWGOpBhuhBXSKxqSx3GDxhHbHwBL90zD6JGRV33d9gJzqStUAool7hzkdMrc/6uskOKIbe8CwZwM6ujLgWSLAS/2uuTxISeIN+G+x7jcAVHu2wFPx2gmMS3rXQc9vWwISI9d302xBuL2IdkcugdgFk1qMzbeXjOz7GxzOdXqIO/pDSPdhFeDPJ8Rt8P8q3F9PLiP5Y0IA/2AH4XjRn+eLyfA92Dn4eF/5g93V5sLte/gfsP93Na+SfKAAAAABJRU5ErkJggg==