<html><body><div class="custom-field field" data-field-name="my_field">
<div>
<input type="checkbox" name="my_field" id="cb_my_field" value="1" checked> <label for="cb_my_field">enabld </label>
</div>
</div></body></html>
