<!DOCTYPE html PUBLIC "-//W3C//DTD HTML 4.0 Transitional//EN" "http://www.w3.org/TR/REC-html40/loose.dtd">
<html><body><div class="custom-field field" data-field-name="my_field">
<strong class="field-label">Date </strong>
<input type="text" class="datetimepicker" name="my_field" value="2020-05-17 11:51">
</div></body></html>
