<!DOCTYPE html PUBLIC "-//W3C//DTD HTML 4.0 Transitional//EN" "http://www.w3.org/TR/REC-html40/loose.dtd">
<html><body><div class="custom-field field" data-field-name="my_field">
<strong class="field-label">Content </strong>
<textarea name="my_field" id="my_field" class="codemirror" data-mimetype="text/html">hello &lt;strong&gt;world&lt;/strong&gt;</textarea>
</div></body></html>
