<!DOCTYPE html PUBLIC "-//W3C//DTD HTML 4.0 Transitional//EN" "http://www.w3.org/TR/REC-html40/loose.dtd">
<html><body><div class="custom-field field" data-field-name="my_field">
<strong class="field-label">Users </strong>
<textarea name="my_field">123</textarea>
</div></body></html>
