<html><body><div class="custom-field field" data-field-name="my_field">
<strong class="field-label">Users </strong>
<input type="number" name="my_field" value="hello world" step="any">
</div></body></html>
