<html><body><div class="custom-field field" data-field-name="zip_codes">
<strong class="field-label">zip_codes </strong>
<select name="zip_codes">
<option value="38102">Braunschweig</option>
<option value="38104">Gliesmarode</option>
<option value="38124">Heidburg</option>
<option value="38100">Innenstadt</option>
<option value="38116">Kanzlerfeld</option>
</select>
<small>hold_ctrl_to_select_multiple</small>
</div></body></html>
