<!DOCTYPE html PUBLIC "-//W3C//DTD HTML 4.0 Transitional//EN" "http://www.w3.org/TR/REC-html40/loose.dtd">
<html><body><div class="custom-field field" data-field-name="my_field">
<strong class="field-label">Username </strong>
<input type="text" name="my_field" value="hello world">
</div></body></html>
