<html><body><div class="custom-field field" data-field-name="my_field">
<strong class="field-label">Username </strong>
<input type="url" name="my_field" value="https://www.ulicms.de">
</div></body></html>
