<!DOCTYPE html PUBLIC "-//W3C//DTD HTML 4.0 Transitional//EN" "http://www.w3.org/TR/REC-html40/loose.dtd">
<html><body>
<a href="http://example.org/">http://example.org/</a>
<span><iframe src="//www.youtube.com/embed/7b-B1-xs6Og?wmode=transparent" type="text/html" width="480" height="295" frameborder="0" allowfullscreen class="embed-media"></iframe></span>
<span><iframe src="https://w.soundcloud.com/player/?url=https%3A%2F%2Fsoundcloud.com%2Fatbense/ritscheratsche-cyber-cyber-mix&amp;wmode=transparent" type="text/html" width="100%" height="150" frameborder="0" allowfullscreen class="embed-media"></iframe></span>
</body></html>
