<!DOCTYPE html PUBLIC "-//W3C//DTD HTML 4.0 Transitional//EN" "http://www.w3.org/TR/REC-html40/loose.dtd">
<html><body>
<p>Foo Bar, Hello World, <a href="https://www.youtube.com/watch?v=yBJeeXmS7EA">Internet is for Cats</a>, Yes</p>

<p><a href="https://www.youtube.com/watch?v=tI0TUJ-aV6c">https://www.youtube.com/watch?v=tI0TUJ-aV6c</a></p>

<p><a href="https://dai.ly/x2bqyl6">https://dai.ly/x2bqyl6</a></p>

<p><a href="https://www.twitch.tv/videos/293684811">https://www.twitch.tv/videos/293684811</a></p>

</body></html>
