<html><body><div class="custom-field field" data-field-name="my_field">
<strong class="field-label">E-Mail </strong>
<input type="email" name="my_field" value="foo@bar.de">
</div></body></html>
