Title,Content,Description,Author"Lorem Ipsum","This page doesn't exist.","Eine kurzer Beschreibungstext"