{"page":{"show":[".hide-on-non-regular",".menu-stuff","#hidden-attrib","#tab-menu-image","#tab-metadata","#custom_fields_container","#tab-target","#tab-cache-control","#tab-og","#custom_data_json","#content-editor","#btn-view-page","#tab-comments"],"customFieldTabTitle":null,"customFields":[]},"article":{"show":[".hide-on-non-regular",".menu-stuff","#hidden-attrib","#tab-menu-image","#tab-metadata","#custom_fields_container","#tab-target","#tab-cache-control","#tab-og","#custom_data_json","#content-editor","#btn-view-page","#tab-comments","#article-metadata","#article-image"],"customFieldTabTitle":null,"customFields":[]},"snippet":{"show":[".show-on-snippet","#content-editor"],"customFieldTabTitle":null,"customFields":[]},"list":{"show":[".hide-on-non-regular",".menu-stuff","#hidden-attrib","#tab-menu-image","#tab-metadata","#custom_fields_container","#tab-target","#tab-cache-control","#tab-og","#custom_data_json","#content-editor","#btn-view-page","#tab-comments",".list-show","#tab-list","#tab-text-position"],"customFieldTabTitle":null,"customFields":[]},"link":{"show":["#tab-link","#tab-target",".menu-stuff","#hidden-attrib","#tab-menu-image"],"customFieldTabTitle":null,"customFields":[]},"language_link":{"show":["#tab-language-link","#tab-target",".menu-stuff","#hidden-attrib","#tab-menu-image"],"customFieldTabTitle":null,"customFields":[]},"node":{"show":[".menu-stuff","#hidden-attrib"],"customFieldTabTitle":null,"customFields":[]},"image":{"show":[".hide-on-non-regular",".menu-stuff","#hidden-attrib","#tab-menu-image","#tab-metadata","#custom_fields_container","#tab-target","#tab-cache-control","#tab-og","#custom_data_json","#content-editor","#btn-view-page","#tab-comments","#tab-image","#tab-text-position"],"customFieldTabTitle":null,"customFields":[]},"module":{"show":[".hide-on-non-regular",".menu-stuff","#hidden-attrib","#tab-menu-image","#tab-metadata","#custom_fields_container","#tab-target","#tab-cache-control","#tab-og","#custom_data_json","#content-editor","#btn-view-page","#tab-comments","#tab-module","#tab-text-position"],"customFieldTabTitle":null,"customFields":[]},"video":{"show":[".hide-on-non-regular",".menu-stuff","#hidden-attrib","#tab-menu-image","#tab-metadata","#custom_fields_container","#tab-target","#tab-cache-control","#tab-og","#custom_data_json","#content-editor","#btn-view-page","#tab-comments","#tab-video","#tab-text-position"],"customFieldTabTitle":null,"customFields":[]},"audio":{"show":[".hide-on-non-regular",".menu-stuff","#hidden-attrib","#tab-menu-image","#tab-metadata","#custom_fields_container","#tab-target","#tab-cache-control","#tab-og","#custom_data_json","#content-editor","#btn-view-page","#tab-comments","#tab-audio","#tab-text-position"],"customFieldTabTitle":null,"customFields":[]}}