<html><body><table class="diff-wrapper diff diff-html diff-inline">
<thead><tr>
<th>Old</th>
<th>New</th>
<th></th>
<th>Differences</th>
</tr></thead>
<tbody class="change change-rep">
<tr data-type="-">
<th class="n-old">1</th>
<th></th>
<th class="sign del">-</th>
<td class="old">
<del>New</del>&nbsp;Text</td>
</tr>
<tr data-type="+">
<th></th>
<th class="n-new">1</th>
<th class="sign ins">+</th>
<td class="new">
<ins>Old</ins>&nbsp;Text<ins>&nbsp;1</ins>
</td>
</tr>
</tbody>
</table></body></html>
