[
    "Hallo Welt",
    "Das ist eine Einr\u00fcckung",
    "",
    "Diesmal auch mit",
    "Tabulatoren",
    "",
    "",
    "# Foo"
]
