DB_SERVER=
DB_USER=myUser
DB_PASSWORD=
DB_DATABASE=
DB_PREFIX=
DEBUG=true
EXCEPTION_LOGGING=false
DEFAULT_MENU=
DEFAULT_CONTENT_TYPE=
