<div class="custom-field" data-field-name="my_field">
<img src="gfx/preview.png" class="img-thumbnail" id="thumbnail-my_field" style="display: none" />
<p>
<strong>File </strong><br />
<input type="text" name="my_field" id="field-my_field" value="/foo/bar/test.pdf" class="kcfinder" data-kcfinder-type="files" readonly />
</p>
<div class="voffset2">
<a href="#" class="btn btn-default clear-field" data-for="#field-my_field"><i class="fa fa-eraser"></i> clear</a>
</div>
</div>