<div class="custom-field" data-field-name="my_field">
<p>
<strong>Users </strong><br />
<input type="number" name="my_field" value="hello world" step="any" />
</p>
</div>