<html><body><img src="data:image/png;base64,iVBORw0KGgoAAAANSUhEUgAAATsAAABBCAMAAACZzPPmAAAC+lBMVEUAAAAHCBEAAAAAAAEAAAAJCxUBAQQAAAAAAAAAAAAEBQwAAAAAAAAAAAEAAAAAAAAAAAAAAAAAAAAAAAAAAAAAAAAAAAAAAAAAAAAAAAADAwYDAwYAAAAAAAAEBAcTGjwAAAAAAAAAAAAAAAABAQQAAAAAAAAAAAAAAAAAAAAAAAAAAAAAAAAAAAAAAAAWHkUAAAAWHT4RGT1SYcYAAAClseEdJVYAAABEUqgVHD1icbVXZcBVnFMzOjChsqAcIkBcnF0XHT8hJzxueLQ2Qo0WHksbIjofJkBBfyd1ioYRGTx6g7SDi6k6TLwlL28eKWZ3hb8hK2pLWJoeJ2AlMHeQnNcsMTscIT+Bjqo/ULOdtWRqdbsQFzuKltZhaZ5WaNdUZtYsMDs2SLGhrt0AAAAPFzsaJWQWIFMmNosdKGkZI1wmNIYjMHsqOZEfK3AlMoASGkIpOZdDnSg8TbQyQqY1Rq4wP5dBVs49UcYhLXUTHEg8UL4tPZ0VHk0tMUVTqCs1RKBHW9c8kiue3DxJoyuBk/wsPadzhvkrP605SacjK2KGxzZ4vDI0SLuMzTdvuDDb5LkqPKHf65NKmkur4EKW1jpdrSxuoiyUpf2+y/VWauJAljd/wjRAlyfDzNZ3oXbI5GholiuLnPxidetlcsXj73woM3gmMG8hJkRlsi5KYutIXt/W4Njf6qSLp4Ofr/uuuLjU4KaaqfFugPCpt+7R3OfH0uJredRVZtOapdKvucnAycZJWsXL1MO1vrouQrRZZLCYqpbU7GBJoECS0zm2w+kzPH7B50uq1EqfzUZmdt+1v9eAjNVGVrtIVKV5gZjW6XZmoGeVwkIaH0BQafZ+jvKNnO+Kl97Y4crEzrKps6/I1aRnb5i51GHj8l3N61McI0yKtTw1hyWwv/l8i+dygeKirMSIkb23xZeJk43M4nmQomOFpDtgdvrQ447E04q+416jwFq14kmXpOCns6dUXZVJU5VAS42Vn6p2qy+ltoMwOHN5qk9wnj8SPNlCAAAAZHRSTlMABfsL+AgWiOrkDs3aOS+X3iPwpKZX9LOtahMZx0Uf/TTVeEspu19Sf5twZT7QkSjBYPD9n/79jF7gRxf+/v2O/a84/v7Dnna3sUv+/di+lXNZL+7o2tTTu4n+382u3LqS77qwR5HB1wAAEyVJREFUeNrsmglQE2cUx7NLFkLkjBIgBgw3JoBUxLbWobTaw97nTI/pMa22VWt1oLW21olCGEZgkkxIkAgEFNBBuS8VhOFSQOSsUg4BEVG8AbVe7UzfUjabzWapQ4VpZ/wPMMO3m327P/7vfe/7FtZjPdajE/bOslUffPDBqpcntGrVsncQ1mM9hJBlb60KXf7nH38sjzh37lzEniuXXlvx8aqn/iP4EIzLFQgEXLMZvx0EM4NIeCiM9XB65q1PQj5KSIkIC5MmSFNS9uwaDDmZkZGxovXTN97mMnxGYE7IVBQz/VGDz3P1gwh9TMDEhevp427rGDjHX+g170mJH3yWKR4pAcP9kuKajOQhDnAKFPrPwUM5u7iaPQS594PLe8cU0jBZQlxDQ+Ng3L17Y/mHgprDq6pajr/xNmYSnZPVpNwc6EcRsRUhW/0NYL7EmNBGP/YkMRboabKQ2Igd7Xjo6kmhbI7Qws+MHs/diiIvV+MzzJ2oZzyJGV/CXuJERoJQKMdtrvf8qZ2+7JNgXVdOmjwuKyFBEVuvKujuHbk/cqFzOCh8587tm9e/9+YiFl3z5xBB2M4m2FmsJuTI1XOwJcY41nq/zCPGLG1MkLMOsGOvNhJqOQ/oGcdDKefwPFhGsuZQrzLXzIicrz9/NS0UT+hsPqXpmnRK1ag8TqGIi4vVDCiPJXYWFnbeLOw80Rz+/fbNm7/ZR1hvttm5+tpRkejPtXCdmh3qa+wXZ/ZU7DAPIRw3Jb6jNcKE7pPgY0OlOTWa2GR5nTw2VtNWmhcVFVWUXnR++PDWcHDezpaV+959CZt9doifF8PzQEwva2Z2ZFRS2NzVU7DDnC1XMwl180FM5+uXFTptacGoJlZeFzmujtRo0rq0eYl7o4vSdx8+uhXgNVdVVd3Z9y7k7SyzwxysgAeT0DkuyFTs7DyNLOw/BTtMAgnNLDsPxBS69wtU2V1t6si6Oo2mLjIyUhNZoywZStwbFRWdvuPo0aPNQRkrXl1R9fvxmBcWzS47zBusMJXc/KZix/dhUeTHm4Kdyz+E8heZQqdTdpVkZ6rV9ZEaSFg54KvPzB5KjIoGpacXDR86efHupdzWMwS8WWOHOMDzTC2h5xTsUAuqV8QoM7v5Xv8QCXUS0GrdZ53akhJtiWocZ1cXm5ws16jra5TaPHDdteiovZ03j1y4W5175UrrmTv7lz6LzSI7Pzfq3fP5PB6fTR2z5TKxA3lRHhfCMLNz5lNKKUSCUJTr8bwRI3Sf707fO6TVdqVFgtRqcJ5cE6keyFRq8awtbCqrrBwZGQm5+1pr65nbx2OWvoQ9enaIZOGkKFOnqxdqAIkTaOHtJxJ5iOdSOhaeDwM7+p/C1YqZnXmgATi3JWIPaxuRi8SW0rJ4mVMf7/MdBw9ci0rUZrdBmRttq6kfV0PyDvRn5pRotcd0BX1jYx0dg2P3L2ZUVd2+fXx/zOJXHi07ZmG+Boz4Th7mCNEpWximsqOAmR3bm2UgDx4zOxcOOSu4e2LEFV3dLRn7xWVBBw8eOHUtOq+kTT1ek6PMyVRl9vf34+yytVpdzkBH3C7QVWDXsn3zyn37Y76Gkjc77ER2BgYSCyiNmD9KMx6dHcjWMM18UUZ2CHnMijJ3Yz6WtPJJFDuw3YFTp6LzslWZmZkqpSotDUwH5JTZJaWluoKaxo7BewDvyl1gBw3yvrVLtz2LzQo7LAAlreCAGXV9/uQTzTOjseMRLhIapBnXUX+Uxs5srv5BxAj1Ntz5ZNIa9osf/o3uWtRQiVLVNlAzqtZoIiMHJtBlZ5fqKgoKem/0DeLwLq1o2bxh409rY7ZB1s4GOxvSdhyo0kbyMcgxGxo7Sy+UHsOeuGCgFY2dwIuxO3edQ0ayJ4ffeX3HBLpoqHeZ4zBXwKICn2gbR9NUOcqubJ2uory8+zLA27Pnz9zWlpUbIWmXbnqO+8jZIYTIEXc2OZfS1/1mASgZmsbOzoJPuMgAN2/ycgH+dHaBenaezKtkjh85+uGPYDtwXZ42O6e+LlmhyAJJpdIERXJdQ9pllbKroqJb1ZbWcBXg7Uk98/tKnN3PYLxHyw4TO01qob2Jic9OxKLL2nJyT4Vn5Y7Q2Okbw3kYjQHPew6j78gJgcIcBbHZbA557JnXcXaQsKUFaeN1Cqmstja+FpQkk+H45A0Dbaru7ht9UPJwdlcvATyYabcteA6Z+f6O3PJAAzAWXVxHlM/xdwyQuHhy6b6zFhKrAVeWMR43EZ2dmRPZAs83TtolcxcGWLiLJQ4e5KGntkC5g3miRKWOjcuS1rbnhlTnti+Pj0+KwDfxAF5aZkF55Y3GXRPorlyCpcWdBzFnNz29aObZidkUJ9CE+Pg6iFzJPWQqO09bwmQu+vpJWNHJ3oAdPTHZSzyNqiu1mhApC+yi86AvlifI4oFcfmV+SHVqO+BLCktI1qjbesvLm8pG+u7p2d0Gdks3LX5ixtlhS8g1qyvLpMinobOzl/AnbeROnOZAjPia09jBUZ7BnomviGGfnJKy6VFD2pIctUIGpuvJz++5VZ2bCgpNSklIrq9R6YqDg8sqR8YGr+66+je74w9iYs5C0s4YO3q5c2Le9GZmJ+IQn+YSe9N6J5piZ+9G2Vh1chZBK86sp7bu2F2Yrcy5PirPktWG5t7q6bnVE5Kbmwq+iwDf1Sh1xXmJhTePHLlw/6Oxj3InbAf1bunZXyFpZ5idp6VBRzoNdgIh0epOzj76ATd7Ojt6X83mBAZ42wiYQkO5O92V2a+WxyXIapenVt+qzAfnVaeGQsbKpAp5jbIY34c6ffr8bxfvVle/NrENdfwBsFuw+PmZZmfN019ZwpoGOyzAqFqKLPU2prMD2bjRNk74lkJbb5iJ6MK+2LK7OKe/pi5LiqO7lV9ZXg70qlPBdFJFXHLjdV0eoIuOLhoePnnx4quArgWmWfDdtgULnkVmmJ0Pn1xzTYcdy5tN3XiXoPoCaJId4swzudtu6SimVz/s9S3px1Q14wpZUnx8e2p1T2VlJRS8EGAnk8YlN1yuOFacGFV04sThoKAMXFUtd6A3XgsN3oI1L840Owlbf5rLtNiJOJSFFLKQgOHCorIjxA3g08gR1c+b2rfAouLHoqY+eZw0BdjFh7bnVodMTBTt4LuJV2Xlx4r3FsGm+5bmrc3hO1tatm/4Bl9XrMPZvSCYYXZilDxtWuzMhZSFAvAiyh0DO9b8hQzwALhQIqCUu/Ddnd0dCdKwlIiUpKTa+OWhoaF4b5cUgeds4/WKpuLCvdFgu6NHw3/AX5VtWL9+H87u7KYFaxYvmmF27qh+aFrsyDh8bxbIj6MvdwzsgK8F8xsLnpMIMZxmTwT3KsIiIiJSwoBfEigiCX4BybJi05S6YGAXdfr88Al4Rbv9FxzdRMqu27Zpzf+AHcubTyxLELLVxssdAzuQmU8gn/m9kgdCsgv6raw3NuzcOfAZwEuBH/Atgy8p/GOAqqK8qSk4uLCz8/yhCXYbvlm/8Vtgt+7rWWbH8ZsWO7LgCQUQFSIQ6wxmdvBAEi8eyvReyQXRs8u4WdbbIcO9FoYDk0plMvxnQlZsY9+NiqamprKysgtHbp7MaP5h53bcdt9++93ar9Z9/fOaWWAnRv/lXGFQ8P5q50xfZYrDOD5nG2Y3g5m5s97LLLZ7bYOQRJZClsgSKS/sxpL12pUsIbyRhCRZ8sKS7NsbhSiRhBSy5QXKP+B7fmfOPDPzO+cwE0X5ckvnds9vns95nue3nO9VT28X0e4s2EGCvb2vwQSfy1tkd+nK1a87N8PwpJI7BT/A7lO7D+7Yce/u53M3Dl84f75Xrw9g94ClHdgh7ZrBDiVL7Oy/yi5c4zxb+xoFM6tIC8R4QP8gijU7SElkm7o5DIpXzDl1dh8/nH15b9+ht5gaTu08uAOHTp8/f/nyBeDuYD+htrpnV54xdNpMsUhLO2N24k/YSTWv7+RMbexsxS1tR0VoR6s7nh0vIeLNgF+lI6FlVmc38sqL548eb4BlbOe9b5+/7Lmo6g4WdU+hrbAEXL58//6lS9dL0m4WK1liF4kV2XX6vew8Ac5VUiU7aniNUSlM7c6aHUmJ1Gd8rpa4JX+832/qsysfnn99c+rU4yPnsA7GJuLofujo1gOnDxy4vGnlqjVrrl/v+fAhQ8fYIe3UkoWmRbX1pDW7PsVR2yi172dNAvRn6p2COTtqeJht/A3U7qzY8d0v3uQWeZOGMvXBg2dXrr06uPPuuTv7YT2B4ALAPzathFYBHZwoqpFHrdg5QEclq+8rJJx2UDFwIzcVB80JtZ+juIwNXJkAbZcM2Qm+4nNtH6R2Vw07SPGWLJmDbQsXJ3988P7Z1a+P7x25dga5dnqTLkZuFSO3fLmGTu92rGShwn5WCVlVltKxOGjHatnhZ60XKVIOoGSGTzBmhy2tTqwFtTsTdgJ8sna/t0vCwKDZQuaiHDvqwft3Vz69OvKyF/Zep8GMSSe3BuCWL1u2kWWd1u3m6WnXoxC2Ugxa7GPAjjwMTbYq2NFESwFzSrn13WYooxiyo4bnaKB2Z8jOU9ehKZx2NThadjDqDo2UA0qh4Y26dOnSuys3n189D78TyzZdrFwBDujWMnR6xc4GOkg/vxN8IpdZJKkkK6tm53WQXydq0InqiG1OMmYXjRWdr9TueHbsB0VaTHFSctyc13/6sZ7XL1969v3Zu/sauV0kLemWrV27VkOnVuys2SztoEEK9zo9xA/qdNFMUjU7Z4i6TB3/XBIx+nbGpGYVerIUumHe1Yn0stdizqMohSm3e8KW2PPy5esrWbKpzG4xbVuuSkW3hPW6RWrWqROF1u2S3amyOJ8gKVV8Oy23rYIdb0xq9Fp5VdwpE3bU8Kj6jdnF6aTVoG9Lrfm11rgh27cvX7506RpNDNw2pi3LlqnkgC6vZx1bn6wulGyK7DEWGwt6fxLoUgU7vsuI4UpncalLpKNiwo7Oiml7V8mOc0g1UA4YvMvw6WPZJ6zYuB2QwG/NUpADOI0cpJFbkp+j9zqaKFCyglFX8leWbFikl+1VsyNjACSHU+Xo3BwQjh2t8IhLgmPHZZbYMcLnOD9tCWPmr9i4EV2NVaieckx796rlumROGbrZSDsqWdpYaJJ95YMqnQOch7Aq76K/JHIx1pasYlEYu0htnCbsaEtLFWfMjg6soGCLyjhaGrnIuk6Yk1+hwwOxAjYGDjnHko6hAztCh0Njvo1CwaZEmcvawZn1q2MnwK9DCoQy3qiERZi3ruyQzRE3WRtTO6assXHsqEFQHLl6he6Z6FDyKVwJ+saY44C3duMyiEFj4JYwcihXHR3IAZ3W7CjtyPNHnv22UQ2SIHnpDJZWt1Wxw+U+ZaHLjlg6FIo5yi+2kCzYeRxcuzNmJ6AuiXErXzZlx3OK+OMdXLKJf7nr6AXz8/kVoAWxhNsLbho5rV51dPNY1jENc5Y2tTZiaXK4cu0y2WznDuFWIudyrt5vHEXHtJaYBiVzdpEY1+5M9hWpxrLbBlrF0ul0zF1+kucu+3TjJiyYP2dOPg9apLwGjiVd88KFLOsIXd/B5b57R0U0TGWXYB+qiR0iSos1/I4AsRMwGKmNZM5OoO5sKrl8g6OMOdG8SKWn8stDRXBauWpJRwVLFcv5Ik0lNkk1sgO8kGz5CyNZwYIdlBG5dsezY3L65J/FEYpWrM9HL2xeAHokDdwClCvIFSbY2YRuoLNyq9xR/smQCVuN7CC/L2B+50Z6/cKx4xteIG7BDiR+0iBEF2cD7Dp0LugBny4kHLihWgldSdZRs6NBc1aZJ4dStprZQZFObpOYgvTaz5SdPca1O2N2kL9N0ApdjD/OEbqPnzV3bvNC4Cv8gcBNIzdLS7oiuknU7Ej2DhbvNeHkrIUdSfB2dBjQkxs72a3OjWk0WghasYOiFu9ng2F8MhN4c1Vazc3NC/DFuAEcI4ekW51MJp8kIUN0kNQ+HTROuljGaauRHUny9Gko3J9+UaWT39J/p1/L8HsCnh3FEQoYx+HqjAdlCG/ovFnABwFaCThG7vXrk0xPnjw5OQjojGXPhBwyZYceYF1C4K3/ckEOYtdav4ZjDCMpibZ90g2OQFAOBlu2agy3izN3HMcuKGtqKLKrd8gF0d4tEtOv5aTKDpFt7Q6K5WHggLUOD8pYQtdBvWcDHwDiL76I3LrX60mYJszl9NTluuHwEPHJwUBLdwwBRowGq29bUJZ2WR79WnvTIQQpUR9vn8227+K1KyaReIu3kSiV+Fsrcf2ah7+RkmrblG5shTgQBp5T2tfZ2gWaGNh33ezZ8+bNmzVPpQZuWrEu1tENGDBg4nCnzVqKM+H1dIlDXepTduXv+N8tapAgFeLo4vEmnD8NQ+k+8cnqdeAHsXxbDXDQk5M6umGD/1kWf1xdB/ZNAtZqBg2aqc6tSTS5QtJFbP9lKmHwsL49ZpIYupPQ+hkThyds/2UpJdp9WN9kKbuT60/2mDRwhP1/uf4avuHTpvVIauo7adDw/+CqkeQc0V3TYKdi+6//+pv0A4UCgF6TJSa1AAAAAElFTkSuQmCC"></body></html>
