<html><body>
<p>Foo Bar, Hello World, <a href="https://www.youtube.com/watch?v=yBJeeXmS7EA">Internet is for Cats</a>, Yes</p>

<p><span><iframe src="//www.youtube.com/embed/tI0TUJ-aV6c?wmode=transparent" type="text/html" width="480" height="295" frameborder="0" allowfullscreen class="embed-media" loading="lazy"></iframe></span></p>

<p><span><iframe src="//www.dailymotion.com/embed/video/x2bqyl6?wmode=transparent" type="text/html" width="420" height="339" frameborder="0" allowfullscreen class="embed-media" loading="lazy"></iframe></span></p>

<p><span><iframe src="https://player.twitch.tv/?video=v293684811&amp;wmode=transparent" type="text/html" width="620" height="378" frameborder="0" allowfullscreen class="embed-media" loading="lazy"></iframe></span></p>


</body></html>
