<html><body>
<a href="http://example.org/">http://example.org/</a>
<span><iframe src="//www.youtube.com/embed/7b-B1-xs6Og?wmode=transparent" type="text/html" width="480" height="295" frameborder="0" allowfullscreen class="embed-media" loading="lazy"></iframe></span>
<span><iframe src="https://w.soundcloud.com/player/?url=https%3A%2F%2Fsoundcloud.com%2Fatbense/ritscheratsche-cyber-cyber-mix&amp;wmode=transparent" type="text/html" width="100%" height="150" frameborder="0" allowfullscreen class="embed-media" loading="lazy"></iframe></span><img class="foo" src="foo.jpg" loading="lazy"><img class="foo" loading="auto" src="foo.jpg">

</body></html>
