<html><head><script>Translation={};Translation.Help="Help";Translation.Pages="Pages";Translation.GibtsNicht="GIBTS_NICHT";</script></head></html>
